seed_1746737973 baseline differences: 1
    .p_57_exact stored 5.6546527248688296e-09 | mac 5.654652724868826e-09 | rel 5.85e-16
seed_1746737973 A differences: 1
    .p_57_exact stored 3.617611842778559e-10 | mac 3.617611842778558e-10 | rel 2.86e-16
seed_1746737973 B differences: 2
    .p_57_exact stored 1.4212251585858898e-10 | mac 1.4212251585858903e-10 | rel 3.64e-16
    .p_57_mdp stored 3.836103152406463e-05 | mac 3.836103152406465e-05 | rel 5.30e-16
seed_2273360 baseline differences: 2
    .p_57_exact stored 7.742570144719881e-12 | mac 7.74257014471988e-12 | rel 2.09e-16
    .p_57_mdp stored 7.042195951832376e-05 | mac 7.04219595183238e-05 | rel 5.77e-16
seed_2273360 A differences: 2
    .p_57_exact stored 7.742570144719881e-12 | mac 7.74257014471988e-12 | rel 2.09e-16
    .p_57_mdp stored 5.717947374500198e-05 | mac 5.717947374500199e-05 | rel 2.37e-16
seed_2273360 B differences: 2
    .p_57_exact stored 7.742570144719881e-12 | mac 7.74257014471988e-12 | rel 2.09e-16
    .p_57_mdp stored 1.1923703774149883e-05 | mac 1.1923703774149881e-05 | rel 1.42e-16
seed_260991262 baseline differences: 2
    .p_57_exact stored 1.1991717942417744e-08 | mac 1.199171794241774e-08 | rel 4.14e-16
    .p_57_mdp stored 2.6316680561545768e-05 | mac 2.631668056154576e-05 | rel 2.57e-16
seed_260991262 A differences: 2
    .p_57_exact stored 3.617611842778559e-10 | mac 3.617611842778558e-10 | rel 2.86e-16
    .p_57_mdp stored 0.00012511286530539472 | mac 0.0001251128653053947 | rel 2.17e-16
seed_260991262 B differences: 2
    .p_57_exact stored 3.617611842778559e-10 | mac 3.617611842778558e-10 | rel 2.86e-16
    .p_57_mdp stored 3.930703473057333e-05 | mac 3.9307034730573345e-05 | rel 3.45e-16
