# c2_2a suite with the golden gate at a9168536560841739feac7c442c50f06686c93cb, 2026-10-07 20:06 EDT: uv run pytest tests/c2_2a -q -p no:cacheprovider -rfE
============================= test session starts ==============================
platform darwin -- Python 3.12.13, pytest-9.0.2, pluggy-1.6.0
rootdir: /Users/eric/projects/bts-c2-2a
configfile: pyproject.toml
plugins: anyio-4.13.0
collected 229 items

tests/c2_2a/test_calibrate_witness.py .......................            [ 10%]
tests/c2_2a/test_golden.py ............................................. [ 29%]
.....................                                                    [ 38%]
tests/c2_2a/test_local_witness.py ......................                 [ 48%]
tests/c2_2a/test_mutant_runner.py ......                                 [ 51%]
tests/c2_2a/test_predict_witness.py ...........................          [ 62%]
tests/c2_2a/test_r1_counterexamples.py ..................                [ 70%]
tests/c2_2a/test_r2_counterexamples.py ......                            [ 73%]
tests/c2_2a/test_r3_counterexamples.py .........                         [ 77%]
tests/c2_2a/test_serving_witness.py ...........                          [ 82%]
tests/c2_2a/test_slate_v3.py .............                               [ 87%]
tests/c2_2a/test_sweep_verdict.py .......                                [ 90%]
tests/c2_2a/test_witness_core.py .....................                   [100%]

======================= 229 passed in 227.36s (0:03:47) ========================
exit 0
