# fast suite at acfe983af2bc8f5db16a07fa32fb8c5ee3fe5bc2 (revision 4), 2026-10-07 16:31 EDT: UV_CACHE_DIR=/tmp/uv-cache TZ=America/New_York uv run pytest -m "not slow" --ignore=tests/simulate --ignore=tests/model --ignore=tests/experiment --ignore=tests/validate -q -p no:cacheprovider
============================= test session starts ==============================
platform darwin -- Python 3.12.13, pytest-9.0.2, pluggy-1.6.0
rootdir: /Users/eric/projects/bts-c2-2a
configfile: pyproject.toml
testpaths: tests
plugins: anyio-4.13.0
collected 4195 items / 69 deselected / 1 skipped / 4126 selected

tests/c2_2a/test_calibrate_witness.py .......................            [  0%]
tests/c2_2a/test_golden.py ..                                            [  0%]
tests/c2_2a/test_local_witness.py ......................                 [  1%]
tests/c2_2a/test_mutant_runner.py ......                                 [  1%]
tests/c2_2a/test_predict_witness.py ...........................          [  1%]
tests/c2_2a/test_r1_counterexamples.py ..................                [  2%]
tests/c2_2a/test_r2_counterexamples.py ......                            [  2%]
tests/c2_2a/test_r3_counterexamples.py .........                         [  2%]
tests/c2_2a/test_serving_witness.py ...........                          [  3%]
tests/c2_2a/test_slate_v3.py .............                               [  3%]
tests/c2_2a/test_witness_core.py .....................                   [  3%]
tests/data/test_build.py .........................                       [  4%]
tests/data/test_pull.py ..........                                       [  4%]
tests/data/test_schema.py ....                                           [  4%]
tests/data/test_swing_pull.py .....                                      [  4%]
tests/health/test_alert.py .......................                       [  5%]
tests/health/test_analytics_artifacts_missing.py .............           [  5%]
tests/health/test_attention.py .................                         [  6%]
tests/health/test_backup_freshness.py ..........                         [  6%]
tests/health/test_blend_training.py .........                            [  6%]
tests/health/test_calibration.py ..........................              [  7%]
tests/health/test_contest_state.py ................                      [  7%]
tests/health/test_deploy_iso_stamp.py ...                                [  7%]
tests/health/test_disk_fill.py ......                                    [  7%]
tests/health/test_f4_exception_propagation.py .........                  [  8%]
tests/health/test_fallback_defer.py ......                               [  8%]
tests/health/test_h6_resurface.py ....                                   [  8%]
tests/health/test_late_delivery.py ...........                           [  8%]
tests/health/test_leaderboard_freshness.py .....                         [  8%]
tests/health/test_live_forward_resolution.py .........                   [  8%]
tests/health/test_mdp_policy_alignment.py ........                       [  9%]
tests/health/test_memory_growth.py ......................                [  9%]
tests/health/test_park_drag_freshness.py .......                         [  9%]
tests/health/test_pick_entry_source.py ......                            [  9%]
tests/health/test_pitcher_sparsity.py .........                          [ 10%]
tests/health/test_pooled_training.py .........                           [ 10%]
tests/health/test_post_failure.py ................                       [ 10%]
tests/health/test_postponed_pick.py ........                             [ 11%]
tests/health/test_predicted_vs_realized.py ...................           [ 11%]
tests/health/test_projected_lineup.py ......                             [ 11%]
tests/health/test_realized_calibration.py .............................. [ 12%]
..                                                                       [ 12%]
tests/health/test_restart_spike.py .............                         [ 12%]
tests/health/test_result_resolution.py ............                      [ 12%]
tests/health/test_runner.py .....................                        [ 13%]
tests/health/test_same_team_corr.py ..............                       [ 13%]
tests/health/test_scheduler_state_integrity_source.py .....              [ 13%]
tests/health/test_since_deploy_iso_compare.py ....                       [ 14%]
tests/health/test_slate_auc.py .........                                 [ 14%]
tests/health/test_streak_validation.py ........                          [ 14%]
tests/health/test_tail_policy_health.py .....                            [ 14%]
tests/health/test_unit_drift.py .........                                [ 14%]
tests/leaderboard/test_analysis.py ............                          [ 15%]
tests/leaderboard/test_auth.py ......................................... [ 16%]
......                                                                   [ 16%]
tests/leaderboard/test_auth_session.py ..                                [ 16%]
tests/leaderboard/test_cli.py ........                                   [ 16%]
tests/leaderboard/test_models.py ...........                             [ 16%]
tests/leaderboard/test_ratelimit.py ...                                  [ 16%]
tests/leaderboard/test_safe_filename.py ...                              [ 16%]
tests/leaderboard/test_scraper.py ..........................             [ 17%]
tests/leaderboard/test_scraper_stealth.py ...........                    [ 17%]
tests/leaderboard/test_static_capture.py .................               [ 18%]
tests/leaderboard/test_storage.py ............                           [ 18%]
tests/scripts/c1_r3/test_count_build_e2e.py ............................ [ 19%]
.........................................                                [ 20%]
tests/scripts/c1_r3/test_count_build_parts.py .......................... [ 20%]
............                                                             [ 21%]
tests/scripts/c1_r3/test_count_meta.py ................                  [ 21%]
tests/scripts/c1_r4a/test_calendar_population_outcomes.py .............. [ 21%]
........................................................                 [ 23%]
tests/scripts/c1_r4a/test_fit_evaluate.py ..................             [ 23%]
tests/scripts/c1_r4a/test_provenance_stored.py .....s................... [ 24%]
....                                                                     [ 24%]
tests/scripts/c1_r4a/test_run_e2e.py .................................   [ 25%]
tests/scripts/c1_r4b/test_data_fit.py ....................               [ 25%]
tests/scripts/c1_r4b/test_generator_check.py ............                [ 25%]
tests/scripts/c1_r4b/test_project.py .................                   [ 26%]
tests/scripts/c1_r4b/test_replay.py ............                         [ 26%]
tests/scripts/c1_r4b/test_run_e2e.py ....................                [ 27%]
tests/scripts/c1_r4b/test_run_logic.py ................................. [ 27%]
.......                                                                  [ 28%]
tests/scripts/c1_r4b/test_solvers.py .........                           [ 28%]
tests/scripts/incident_register/test_certify.py ........................ [ 28%]
..............                                                           [ 29%]
tests/scripts/incident_register/test_defence.py ........................ [ 29%]
.....                                                                    [ 29%]
tests/scripts/incident_register/test_deploy_runs.py .................    [ 30%]
tests/scripts/incident_register/test_expected_failure.py ............... [ 30%]
..                                                                       [ 30%]
tests/scripts/incident_register/test_fresh_counterexamples.py .......... [ 30%]
.......................                                                  [ 31%]
tests/scripts/incident_register/test_owned.py .......................... [ 32%]
                                                                         [ 32%]
tests/scripts/incident_register/test_r10_counterexamples.py ............ [ 32%]
........................................................................ [ 34%]
.................................                                        [ 34%]
tests/scripts/incident_register/test_r4_counterexamples.py ............. [ 35%]
....                                                                     [ 35%]
tests/scripts/incident_register/test_r5_counterexamples.py ............. [ 35%]
....sssss.......                                                         [ 36%]
tests/scripts/incident_register/test_r6_counterexamples.py ............. [ 36%]
.                                                                        [ 36%]
tests/scripts/incident_register/test_r7_counterexamples.py ............. [ 36%]
.                                                                        [ 36%]
tests/scripts/incident_register/test_r8_counterexamples.py ............. [ 37%]
.....                                                                    [ 37%]
tests/scripts/incident_register/test_r9_counterexamples.py ............. [ 37%]
...............                                                          [ 37%]
tests/scripts/incident_register/test_replay.py ...........               [ 38%]
tests/scripts/incident_register/test_runner.py ......................... [ 38%]
......                                                                   [ 38%]
tests/scripts/incident_register/test_sweep_classifier.py ............... [ 39%]
.                                                                        [ 39%]
tests/scripts/season_ledger/test_acquire.py ..                           [ 39%]
tests/scripts/season_ledger/test_bundle_io.py .............              [ 39%]
tests/scripts/season_ledger/test_compile.py .....................        [ 40%]
tests/scripts/season_ledger/test_contest.py .........                    [ 40%]
tests/scripts/season_ledger/test_day_records.py ........                 [ 40%]
tests/scripts/season_ledger/test_matching.py ...........                 [ 40%]
tests/scripts/season_ledger/test_outcomes.py ......                      [ 40%]
tests/scripts/season_ledger/test_pick_files.py ...........               [ 41%]
tests/scripts/season_ledger/test_reconcile.py .......................... [ 41%]
..................                                                       [ 42%]
tests/scripts/season_ledger/test_rows.py ..............................  [ 43%]
tests/scripts/season_ledger/test_static.py .........                     [ 43%]
tests/scripts/test_audit_mdp_live_aggressiveness.py .                    [ 43%]
tests/scripts/test_benchmark_bridge.py ...........................       [ 43%]
tests/scripts/test_bin_collapse_read.py ..                               [ 43%]
tests/scripts/test_bts_scoring_change_check.py ..........                [ 44%]
tests/scripts/test_c1_admission.py .........................             [ 44%]
tests/scripts/test_c1_cycle.py ......................................... [ 45%]
.....................................                                    [ 46%]
tests/scripts/test_c1_r3_acquire.py .................................... [ 47%]
                                                                         [ 47%]
tests/scripts/test_canonicalize_realized_picks.py ...........            [ 47%]
tests/scripts/test_canonicalize_realized_picks_p1.py ................    [ 48%]
tests/scripts/test_dd_p_value_sensitivity.py ................            [ 48%]
tests/scripts/test_determinism_gap_bound.py .....                        [ 48%]
tests/scripts/test_dr_mdp_gap_measure.py ............                    [ 49%]
tests/scripts/test_evaluate_mdp_dd_guardrail.py ........                 [ 49%]
tests/scripts/test_field_products_census.py ..........                   [ 49%]
tests/scripts/test_field_products_cohort.py ..........                   [ 49%]
tests/scripts/test_field_products_compare.py ..............              [ 50%]
tests/scripts/test_field_products_leaders.py ...                         [ 50%]
tests/scripts/test_field_products_ledger.py .........                    [ 50%]
tests/scripts/test_field_products_picks.py ............................. [ 51%]
                                                                         [ 51%]
tests/scripts/test_field_products_run.py ....................            [ 51%]
tests/scripts/test_field_products_sources.py ....                        [ 51%]
tests/scripts/test_field_products_streaks.py ..................          [ 52%]
tests/scripts/test_final_leaderboard_grab.py ........................... [ 52%]
...............................                                          [ 53%]
tests/scripts/test_gate_b_fair_comparator_rebaseline.py ...              [ 53%]
tests/scripts/test_gate_b_production_metric_rebaseline.py ..             [ 53%]
tests/scripts/test_gate_b_walk_forward_policy_eval.py ...                [ 53%]
tests/scripts/test_generate_mdp_dd_guardrail_profiles.py .               [ 53%]
tests/scripts/test_inventory_validation_splits.py ......                 [ 53%]
tests/scripts/test_leaderboard_backfilled_model_audit.py ........        [ 54%]
tests/scripts/test_leaderboard_candidate_join_audit.py ...               [ 54%]
tests/scripts/test_leaderboard_mechanism_mining.py .....                 [ 54%]
tests/scripts/test_live_forward_capture_once.py ........................ [ 54%]
........................                                                 [ 55%]
tests/scripts/test_live_forward_provenance_inventory.py .........        [ 55%]
tests/scripts/test_live_forward_resolve_once.py ...........              [ 55%]
tests/scripts/test_live_forward_surface_export.py .....                  [ 56%]
tests/scripts/test_measure_pa_basis_rebin_gate.py ....                   [ 56%]
tests/scripts/test_measure_raw_rebin_gate.py ...                         [ 56%]
tests/scripts/test_mining87_consensus.py ............................... [ 56%]
......                                                                   [ 57%]
tests/scripts/test_mining87_inference.py ......................          [ 57%]
tests/scripts/test_mining87_production.py ..........                     [ 57%]
tests/scripts/test_mining87_run.py .........................             [ 58%]
tests/scripts/test_mining87_surfaces.py ..........................       [ 59%]
tests/scripts/test_mining87_units.py ......                              [ 59%]
tests/scripts/test_mlb_benchmark.py .......................              [ 59%]
tests/scripts/test_mlb_benchmark_metrics.py .........                    [ 60%]
tests/scripts/test_p05_tail_policy_audit.py ...                          [ 60%]
tests/scripts/test_phase_d_pooled_policy_outer_eval.py .....             [ 60%]
tests/scripts/test_phase_d_pooled_policy_postmortem.py ....              [ 60%]
tests/scripts/test_pooled_policy_gap_ci.py ..                            [ 60%]
tests/scripts/test_production_live_boundary_feasibility.py ..            [ 60%]
tests/scripts/test_readme_live_record.py .                               [ 60%]
tests/scripts/test_repeat_batter_conditioning.py .......                 [ 60%]
tests/scripts/test_rolling_origin_policy_candidate_screen.py ......      [ 60%]
tests/scripts/test_run_audit_verdict_fdr.py ...                          [ 60%]
tests/scripts/test_run_falsification_harness.py ...                      [ 60%]
tests/scripts/test_state_segment_policy_candidate_screen.py .....        [ 61%]
tests/scripts/test_v2_5_attribution.py .....                             [ 61%]
tests/scripts/test_v2_5_orchestration.py ..............                  [ 61%]
tests/scripts/test_validate_calibration.py ....                          [ 61%]
tests/scripts/test_w13_tests.py .....................                    [ 62%]
tests/test_atomic_write.py ..                                            [ 62%]
tests/test_audit_driver.py ............................................. [ 63%]
....                                                                     [ 63%]
tests/test_audit_progress.py .........................                   [ 63%]
tests/test_audit_progress_traversal.py ...                               [ 63%]
tests/test_backup.py ...........................                         [ 64%]
tests/test_backup_cli.py .....                                           [ 64%]
tests/test_bluesky_password.py ....                                      [ 64%]
tests/test_boundary_shadow_census.py ..........                          [ 65%]
tests/test_build_schema_assert.py ....                                   [ 65%]
tests/test_check_hit_suspension.py ..........                            [ 65%]
tests/test_check_results_wait.py ..............                          [ 65%]
tests/test_cli_integration.py .......................................... [ 66%]
............................                                             [ 67%]
tests/test_cli_preview_date.py ...                                       [ 67%]
tests/test_cli_schedule_date.py .                                        [ 67%]
tests/test_contest_fetch.py ..........................................   [ 68%]
tests/test_contest_ledger.py .......                                     [ 68%]
tests/test_contest_state.py .................                            [ 69%]
tests/test_contest_state_best_trust.py .........                         [ 69%]
tests/test_contest_state_corrupt_precedence.py ..                        [ 69%]
tests/test_context_features.py ................                          [ 69%]
tests/test_cutoff_candidate_exclusion.py .........                       [ 70%]
tests/test_daily_decision.py ........                                    [ 70%]
tests/test_daily_decision_v2.py ....                                     [ 70%]
tests/test_daily_decision_v3.py ...                                      [ 70%]
tests/test_dashboard_bind.py ...                                         [ 70%]
tests/test_decide_action.py .............                                [ 70%]
tests/test_decision_saver_fallback.py ...                                [ 70%]
tests/test_dm.py ......                                                  [ 71%]
tests/test_e2_delivery_idempotency.py ...                                [ 71%]
tests/test_e3_missed_pick_alert.py .......                               [ 71%]
tests/test_entry_intent.py ............................................. [ 72%]
                                                                         [ 72%]
tests/test_entry_receipt.py ............................................ [ 73%]
.....                                                                    [ 73%]
tests/test_fallback_plan.py .............                                [ 73%]
tests/test_health_endpoint.py ............                               [ 74%]
tests/test_heartbeat.py .................                                [ 74%]
tests/test_heartbeat_churn.py ..........                                 [ 74%]
tests/test_heartbeat_staleness.py .............                          [ 75%]
tests/test_incident_2026_08_30.py ....                                   [ 75%]
tests/test_incident_register_2026.py xxxxx.....xxxxx....xxxxx.xx.xxx.x.. [ 76%]
..................x........                                              [ 76%]
tests/test_incident_register_2026_meta.py ...                            [ 76%]
tests/test_is_resume_date_game.py .....                                  [ 76%]
tests/test_late_delivery_guard.py ........                               [ 77%]
tests/test_lgb_params.py ..........                                      [ 77%]
tests/test_lightgbm_optional.py .                                        [ 77%]
tests/test_lineup_analyze.py .........                                   [ 77%]
tests/test_lineup_collect.py ...........                                 [ 77%]
tests/test_local_tier.py ....                                            [ 77%]
tests/test_lock_decision.py .......                                      [ 78%]
tests/test_london_series_tz.py ....                                      [ 78%]
tests/test_orchestrator.py .............                                 [ 78%]
tests/test_park_drag_feature.py ..................................       [ 79%]
tests/test_park_drag_producer.py .............                           [ 79%]
tests/test_picks.py .................................................... [ 80%]
....................                                                     [ 81%]
tests/test_picks_lineup_evolution.py ........                            [ 81%]
tests/test_posting.py ................                                   [ 81%]
tests/test_predict_json.py ....                                          [ 82%]
tests/test_private_mode.py ..                                            [ 82%]
tests/test_private_mode_transport.py ........                            [ 82%]
tests/test_progress.py ........                                          [ 82%]
tests/test_receipt_io.py ......                                          [ 82%]
tests/test_reconcile_cutoff.py ..................                        [ 83%]
tests/test_reconcile_receipt.py ......................................   [ 84%]
tests/test_refresh_memo.py .....                                         [ 84%]
tests/test_saver_state.py ................                               [ 84%]
tests/test_scheduler.py ................................................ [ 85%]
............................                                             [ 86%]
tests/test_scheduler_decision_record.py .........                        [ 86%]
tests/test_scheduler_decision_record_integration.py .................... [ 87%]
....                                                                     [ 87%]
tests/test_scheduler_eve_of_break.py ..........                          [ 87%]
tests/test_scheduler_fallback_deadline.py .......                        [ 87%]
tests/test_scheduler_no_games.py .                                       [ 87%]
tests/test_scheduler_skip_visibility.py ................................ [ 88%]
.......                                                                  [ 88%]
tests/test_scheduler_state_integrity.py .......                          [ 88%]
tests/test_scheduler_tail_objective.py .........                         [ 88%]
tests/test_scheduler_watchdog_discipline.py .                            [ 88%]
tests/test_schema_version.py ....                                        [ 89%]
tests/test_scorecard.py ................................................ [ 90%]
..................................................                       [ 91%]
tests/test_scoring_lock.py .......                                       [ 91%]
tests/test_sd_notify.py .....                                            [ 91%]
tests/test_shadow_eval.py ................                               [ 92%]
tests/test_shadow_picks.py ......                                        [ 92%]
tests/test_shadow_pipeline.py ....                                       [ 92%]
tests/test_shadow_predict_once.py ....                                   [ 92%]
tests/test_shadow_report.py .....                                        [ 92%]
tests/test_shadow_scheduler.py ........                                  [ 92%]
tests/test_skip_policy_shadow.py ...................................     [ 93%]
tests/test_slate.py ........                                             [ 93%]
tests/test_slate_rank.py ......                                          [ 93%]
tests/test_state_export.py ....                                          [ 94%]
tests/test_state_regenerate.py ...............                           [ 94%]
tests/test_state_verify.py ....                                          [ 94%]
tests/test_strategy.py ................................................  [ 95%]
tests/test_streak_replay.py .........                                    [ 95%]
tests/test_submission_cutoff.py .....                                    [ 96%]
tests/test_swing_features.py ............                                [ 96%]
tests/test_sync.py .........................                             [ 96%]
tests/test_tail_policy_artifact_contract.py ....                         [ 97%]
tests/test_tail_policy_r3_fixes.py ...................                   [ 97%]
tests/test_tail_policy_strategy.py .........................             [ 98%]
tests/test_tail_provenance.py ...                                        [ 98%]
tests/test_util.py ..........                                            [ 98%]
tests/test_warmup_lock_classification.py ........                        [ 98%]
tests/test_web_audit_progress.py ..........                              [ 98%]
tests/test_web_render.py ............................                    [ 99%]
tests/test_web_saver.py ............                                     [ 99%]
tests/test_web_skip_policy_shadow.py ...                                 [ 99%]
tests/test_web_streak_subtitle.py .....                                  [100%]

==== 4098 passed, 7 skipped, 69 deselected, 22 xfailed in 368.93s (0:06:08) ====
exit 0
