# fast suite at f1b948a151c85b8e7550299149a840e87bb98723 (r2's edits applied verbatim), Python 3.12.13, run outside any agent sandbox; command: UV_CACHE_DIR=/tmp/uv-cache TZ=America/New_York uv run pytest -m 'not slow' --ignore=tests/simulate --ignore=tests/model --ignore=tests/experiment --ignore=tests/validate -q -p no:cacheprovider
============================= test session starts ==============================
platform darwin -- Python 3.12.13, pytest-9.0.2, pluggy-1.6.0
rootdir: /Users/eric/projects/bts-c2-watchdog
configfile: pyproject.toml
testpaths: tests
plugins: anyio-4.13.0
collected 4104 items / 6 deselected / 1 skipped / 4098 selected

tests/data/test_build.py .........................                       [  0%]
tests/data/test_pull.py ..........                                       [  0%]
tests/data/test_schema.py ....                                           [  0%]
tests/data/test_swing_pull.py .....                                      [  1%]
tests/health/test_alert.py .......................                       [  1%]
tests/health/test_analytics_artifacts_missing.py .............           [  1%]
tests/health/test_attention.py .................                         [  2%]
tests/health/test_backup_freshness.py ..........                         [  2%]
tests/health/test_blend_training.py .........                            [  2%]
tests/health/test_calibration.py ..........................              [  3%]
tests/health/test_contest_state.py ................                      [  3%]
tests/health/test_deploy_iso_stamp.py ...                                [  3%]
tests/health/test_disk_fill.py ......                                    [  4%]
tests/health/test_f4_exception_propagation.py .........                  [  4%]
tests/health/test_fallback_defer.py ......                               [  4%]
tests/health/test_h6_resurface.py ....                                   [  4%]
tests/health/test_late_delivery.py ...........                           [  4%]
tests/health/test_leaderboard_freshness.py .....                         [  4%]
tests/health/test_live_forward_resolution.py .........                   [  5%]
tests/health/test_mdp_policy_alignment.py ........                       [  5%]
tests/health/test_memory_growth.py ......................                [  5%]
tests/health/test_park_drag_freshness.py .......                         [  6%]
tests/health/test_pick_entry_source.py ......                            [  6%]
tests/health/test_pitcher_sparsity.py .........                          [  6%]
tests/health/test_pooled_training.py .........                           [  6%]
tests/health/test_post_failure.py ................                       [  7%]
tests/health/test_postponed_pick.py ........                             [  7%]
tests/health/test_predicted_vs_realized.py ...................           [  7%]
tests/health/test_projected_lineup.py ......                             [  7%]
tests/health/test_realized_calibration.py .............................. [  8%]
..                                                                       [  8%]
tests/health/test_restart_spike.py .............                         [  8%]
tests/health/test_result_resolution.py ............                      [  9%]
tests/health/test_runner.py .....................                        [  9%]
tests/health/test_same_team_corr.py ..............                       [ 10%]
tests/health/test_scheduler_state_integrity_source.py .....              [ 10%]
tests/health/test_since_deploy_iso_compare.py ....                       [ 10%]
tests/health/test_slate_auc.py .........                                 [ 10%]
tests/health/test_streak_validation.py ........                          [ 10%]
tests/health/test_tail_policy_health.py .....                            [ 10%]
tests/health/test_unit_drift.py .........                                [ 11%]
tests/leaderboard/test_analysis.py ............                          [ 11%]
tests/leaderboard/test_auth.py ......................................... [ 12%]
......                                                                   [ 12%]
tests/leaderboard/test_auth_session.py ..                                [ 12%]
tests/leaderboard/test_cli.py ........                                   [ 12%]
tests/leaderboard/test_models.py ...........                             [ 13%]
tests/leaderboard/test_ratelimit.py ...                                  [ 13%]
tests/leaderboard/test_safe_filename.py ...                              [ 13%]
tests/leaderboard/test_scraper.py ..........................             [ 13%]
tests/leaderboard/test_scraper_stealth.py ...........                    [ 14%]
tests/leaderboard/test_static_capture.py .................               [ 14%]
tests/leaderboard/test_storage.py ............                           [ 14%]
tests/scripts/c1_r3/test_count_build_e2e.py ............................ [ 15%]
........                                                                 [ 15%]
tests/scripts/c1_r3/test_count_build_parts.py .......................... [ 16%]
............                                                             [ 16%]
tests/scripts/c1_r3/test_count_meta.py ................                  [ 16%]
tests/scripts/c1_r4a/test_calendar_population_outcomes.py .............. [ 17%]
........................................................                 [ 18%]
tests/scripts/c1_r4a/test_fit_evaluate.py ..................             [ 19%]
tests/scripts/c1_r4a/test_provenance_stored.py .....s................... [ 19%]
....                                                                     [ 19%]
tests/scripts/c1_r4a/test_run_e2e.py .................................   [ 20%]
tests/scripts/c1_r4b/test_data_fit.py ....................               [ 21%]
tests/scripts/c1_r4b/test_generator_check.py ............                [ 21%]
tests/scripts/c1_r4b/test_project.py .................                   [ 21%]
tests/scripts/c1_r4b/test_replay.py ............                         [ 22%]
tests/scripts/c1_r4b/test_run_e2e.py ....................                [ 22%]
tests/scripts/c1_r4b/test_run_logic.py ................................. [ 23%]
.......                                                                  [ 23%]
tests/scripts/c1_r4b/test_solvers.py .........                           [ 23%]
tests/scripts/incident_register/test_certify.py ........................ [ 24%]
..............                                                           [ 24%]
tests/scripts/incident_register/test_defence.py ........................ [ 25%]
.....                                                                    [ 25%]
tests/scripts/incident_register/test_deploy_runs.py .................    [ 25%]
tests/scripts/incident_register/test_expected_failure.py ............... [ 26%]
..                                                                       [ 26%]
tests/scripts/incident_register/test_fresh_counterexamples.py .......... [ 26%]
.......................                                                  [ 27%]
tests/scripts/incident_register/test_owned.py .......................... [ 27%]
                                                                         [ 27%]
tests/scripts/incident_register/test_r10_counterexamples.py ............ [ 27%]
........................................................................ [ 29%]
.................................                                        [ 30%]
tests/scripts/incident_register/test_r4_counterexamples.py ............. [ 30%]
....                                                                     [ 30%]
tests/scripts/incident_register/test_r5_counterexamples.py ............. [ 31%]
....sssss.......                                                         [ 31%]
tests/scripts/incident_register/test_r6_counterexamples.py ............. [ 31%]
.                                                                        [ 32%]
tests/scripts/incident_register/test_r7_counterexamples.py ............. [ 32%]
.                                                                        [ 32%]
tests/scripts/incident_register/test_r8_counterexamples.py ............. [ 32%]
.....                                                                    [ 32%]
tests/scripts/incident_register/test_r9_counterexamples.py ............. [ 33%]
...............                                                          [ 33%]
tests/scripts/incident_register/test_replay.py ...........               [ 33%]
tests/scripts/incident_register/test_runner.py ......................... [ 34%]
......                                                                   [ 34%]
tests/scripts/incident_register/test_sweep_classifier.py ............... [ 34%]
.                                                                        [ 34%]
tests/scripts/season_ledger/test_acquire.py ..                           [ 34%]
tests/scripts/season_ledger/test_bundle_io.py .............              [ 35%]
tests/scripts/season_ledger/test_compile.py .....................        [ 35%]
tests/scripts/season_ledger/test_contest.py .........                    [ 35%]
tests/scripts/season_ledger/test_day_records.py ........                 [ 36%]
tests/scripts/season_ledger/test_matching.py ...........                 [ 36%]
tests/scripts/season_ledger/test_outcomes.py ......                      [ 36%]
tests/scripts/season_ledger/test_pick_files.py ...........               [ 36%]
tests/scripts/season_ledger/test_reconcile.py .......................... [ 37%]
..................                                                       [ 37%]
tests/scripts/season_ledger/test_rows.py ..............................  [ 38%]
tests/scripts/season_ledger/test_static.py .........                     [ 38%]
tests/scripts/test_audit_mdp_live_aggressiveness.py .                    [ 38%]
tests/scripts/test_benchmark_bridge.py ...........................       [ 39%]
tests/scripts/test_bin_collapse_read.py ..                               [ 39%]
tests/scripts/test_bts_scoring_change_check.py ..........                [ 39%]
tests/scripts/test_c1_admission.py .........................             [ 40%]
tests/scripts/test_c1_cycle.py ......................................... [ 41%]
.....................................                                    [ 42%]
tests/scripts/test_c1_r3_acquire.py .................................... [ 43%]
                                                                         [ 43%]
tests/scripts/test_canonicalize_realized_picks.py ...........            [ 43%]
tests/scripts/test_canonicalize_realized_picks_p1.py ................    [ 43%]
tests/scripts/test_dd_p_value_sensitivity.py ................            [ 44%]
tests/scripts/test_determinism_gap_bound.py .....                        [ 44%]
tests/scripts/test_dr_mdp_gap_measure.py ............                    [ 44%]
tests/scripts/test_evaluate_mdp_dd_guardrail.py ........                 [ 44%]
tests/scripts/test_field_products_census.py ..........                   [ 45%]
tests/scripts/test_field_products_cohort.py ..........                   [ 45%]
tests/scripts/test_field_products_compare.py ..............              [ 45%]
tests/scripts/test_field_products_leaders.py ...                         [ 45%]
tests/scripts/test_field_products_ledger.py .........                    [ 46%]
tests/scripts/test_field_products_picks.py ............................. [ 46%]
                                                                         [ 46%]
tests/scripts/test_field_products_run.py ....................            [ 47%]
tests/scripts/test_field_products_sources.py ....                        [ 47%]
tests/scripts/test_field_products_streaks.py ..................          [ 47%]
tests/scripts/test_final_leaderboard_grab.py ........................... [ 48%]
...............................                                          [ 49%]
tests/scripts/test_gate_b_fair_comparator_rebaseline.py ...              [ 49%]
tests/scripts/test_gate_b_production_metric_rebaseline.py ..             [ 49%]
tests/scripts/test_gate_b_walk_forward_policy_eval.py ...                [ 49%]
tests/scripts/test_generate_mdp_dd_guardrail_profiles.py .               [ 49%]
tests/scripts/test_inventory_validation_splits.py ......                 [ 49%]
tests/scripts/test_leaderboard_backfilled_model_audit.py ........        [ 49%]
tests/scripts/test_leaderboard_candidate_join_audit.py ...               [ 49%]
tests/scripts/test_leaderboard_mechanism_mining.py .....                 [ 49%]
tests/scripts/test_live_forward_capture_once.py ........................ [ 50%]
........................                                                 [ 51%]
tests/scripts/test_live_forward_provenance_inventory.py .........        [ 51%]
tests/scripts/test_live_forward_resolve_once.py ...........              [ 51%]
tests/scripts/test_live_forward_surface_export.py .....                  [ 51%]
tests/scripts/test_measure_pa_basis_rebin_gate.py ....                   [ 51%]
tests/scripts/test_measure_raw_rebin_gate.py ...                         [ 51%]
tests/scripts/test_mining87_consensus.py ............................... [ 52%]
......                                                                   [ 52%]
tests/scripts/test_mining87_inference.py ......................          [ 53%]
tests/scripts/test_mining87_production.py ..........                     [ 53%]
tests/scripts/test_mining87_run.py .........................             [ 54%]
tests/scripts/test_mining87_surfaces.py ..........................       [ 54%]
tests/scripts/test_mining87_units.py ......                              [ 54%]
tests/scripts/test_mlb_benchmark.py .......................              [ 55%]
tests/scripts/test_mlb_benchmark_metrics.py .........                    [ 55%]
tests/scripts/test_p05_tail_policy_audit.py ...                          [ 55%]
tests/scripts/test_phase_d_pooled_policy_outer_eval.py .....             [ 55%]
tests/scripts/test_phase_d_pooled_policy_postmortem.py ....              [ 56%]
tests/scripts/test_pooled_policy_gap_ci.py ..                            [ 56%]
tests/scripts/test_production_live_boundary_feasibility.py ..            [ 56%]
tests/scripts/test_readme_live_record.py .                               [ 56%]
tests/scripts/test_repeat_batter_conditioning.py .......                 [ 56%]
tests/scripts/test_rolling_origin_policy_candidate_screen.py ......      [ 56%]
tests/scripts/test_run_audit_verdict_fdr.py ...                          [ 56%]
tests/scripts/test_run_falsification_harness.py ...                      [ 56%]
tests/scripts/test_state_segment_policy_candidate_screen.py .....        [ 56%]
tests/scripts/test_v2_5_attribution.py .....                             [ 56%]
tests/scripts/test_v2_5_orchestration.py ..............                  [ 57%]
tests/scripts/test_validate_calibration.py ....                          [ 57%]
tests/scripts/test_w13_tests.py .....................                    [ 57%]
tests/test_atomic_write.py ..                                            [ 57%]
tests/test_audit_driver.py ............................................. [ 58%]
....                                                                     [ 59%]
tests/test_audit_progress.py .........................                   [ 59%]
tests/test_audit_progress_traversal.py ...                               [ 59%]
tests/test_backup.py ...........................                         [ 60%]
tests/test_backup_cli.py .....                                           [ 60%]
tests/test_bluesky_password.py ....                                      [ 60%]
tests/test_boundary_shadow_census.py ..........                          [ 60%]
tests/test_build_schema_assert.py ....                                   [ 60%]
tests/test_check_hit_suspension.py ..........                            [ 61%]
tests/test_check_results_wait.py ..............                          [ 61%]
tests/test_cli_integration.py .......................................... [ 62%]
............................                                             [ 63%]
tests/test_cli_preview_date.py ...                                       [ 63%]
tests/test_cli_schedule_date.py .                                        [ 63%]
tests/test_contest_fetch.py ..........................................   [ 64%]
tests/test_contest_ledger.py .......                                     [ 64%]
tests/test_contest_state.py .................                            [ 64%]
tests/test_contest_state_best_trust.py .........                         [ 65%]
tests/test_contest_state_corrupt_precedence.py ..                        [ 65%]
tests/test_context_features.py ................                          [ 65%]
tests/test_cutoff_candidate_exclusion.py .........                       [ 65%]
tests/test_daily_decision.py ........                                    [ 66%]
tests/test_daily_decision_v2.py ....                                     [ 66%]
tests/test_daily_decision_v3.py ...                                      [ 66%]
tests/test_dashboard_bind.py ...                                         [ 66%]
tests/test_decide_action.py .............                                [ 66%]
tests/test_decision_saver_fallback.py ...                                [ 66%]
tests/test_dm.py ......                                                  [ 66%]
tests/test_e2_delivery_idempotency.py ...                                [ 66%]
tests/test_e3_missed_pick_alert.py .......                               [ 67%]
tests/test_entry_intent.py ............................................. [ 68%]
                                                                         [ 68%]
tests/test_entry_receipt.py ............................................ [ 69%]
.....                                                                    [ 69%]
tests/test_fallback_plan.py .............                                [ 69%]
tests/test_health_endpoint.py ............                               [ 69%]
tests/test_heartbeat.py .................                                [ 70%]
tests/test_heartbeat_churn.py ..........                                 [ 70%]
tests/test_heartbeat_staleness.py .............                          [ 70%]
tests/test_incident_2026_08_30.py ....                                   [ 71%]
tests/test_incident_register_2026.py xxxxx.....xxxxx....xxxxx.xx.xxx.x.. [ 71%]
..................x........                                              [ 72%]
tests/test_incident_register_2026_meta.py ...                            [ 72%]
tests/test_is_resume_date_game.py .....                                  [ 72%]
tests/test_late_delivery_guard.py ........                               [ 72%]
tests/test_lgb_params.py ..........                                      [ 73%]
tests/test_lightgbm_optional.py .                                        [ 73%]
tests/test_lineup_analyze.py .........                                   [ 73%]
tests/test_lineup_collect.py ...........                                 [ 73%]
tests/test_local_tier.py ....                                            [ 73%]
tests/test_lock_decision.py .......                                      [ 73%]
tests/test_london_series_tz.py ....                                      [ 74%]
tests/test_orchestrator.py .............                                 [ 74%]
tests/test_park_drag_feature.py ..................................       [ 75%]
tests/test_park_drag_producer.py .............                           [ 75%]
tests/test_picks.py .................................................... [ 76%]
....................                                                     [ 77%]
tests/test_picks_lineup_evolution.py ........                            [ 77%]
tests/test_posting.py ................                                   [ 77%]
tests/test_predict_json.py ....                                          [ 77%]
tests/test_private_mode.py ..                                            [ 78%]
tests/test_private_mode_transport.py ........                            [ 78%]
tests/test_progress.py ........                                          [ 78%]
tests/test_receipt_io.py ......                                          [ 78%]
tests/test_reconcile_cutoff.py ..................                        [ 79%]
tests/test_reconcile_receipt.py ......................................   [ 79%]
tests/test_refresh_memo.py .....                                         [ 80%]
tests/test_saver_state.py ................                               [ 80%]
tests/test_scheduler.py ................................................ [ 81%]
............................                                             [ 82%]
tests/test_scheduler_decision_record.py .........                        [ 82%]
tests/test_scheduler_decision_record_integration.py .................... [ 83%]
....                                                                     [ 83%]
tests/test_scheduler_eve_of_break.py ..........                          [ 83%]
tests/test_scheduler_fallback_deadline.py .......                        [ 83%]
tests/test_scheduler_no_games.py .                                       [ 83%]
tests/test_scheduler_skip_visibility.py ................................ [ 84%]
.......                                                                  [ 84%]
tests/test_scheduler_state_integrity.py .......                          [ 84%]
tests/test_scheduler_tail_objective.py .........                         [ 84%]
tests/test_scheduler_watchdog_discipline.py .                            [ 84%]
tests/test_schema_version.py ....                                        [ 85%]
tests/test_scorecard.py ................................................ [ 86%]
..................................................                       [ 87%]
tests/test_scoring_lock.py .......                                       [ 87%]
tests/test_sd_notify.py .....                                            [ 87%]
tests/test_shadow_eval.py ................                               [ 88%]
tests/test_shadow_picks.py ......                                        [ 88%]
tests/test_shadow_pipeline.py ....                                       [ 88%]
tests/test_shadow_predict_once.py ....                                   [ 88%]
tests/test_shadow_report.py .....                                        [ 88%]
tests/test_shadow_scheduler.py ........                                  [ 88%]
tests/test_skip_policy_shadow.py ...................................     [ 89%]
tests/test_slate.py ........                                             [ 89%]
tests/test_slate_rank.py ......                                          [ 89%]
tests/test_state_export.py ....                                          [ 90%]
tests/test_state_regenerate.py ...............                           [ 90%]
tests/test_state_verify.py ....                                          [ 90%]
tests/test_strategy.py ................................................  [ 91%]
tests/test_streak_replay.py .........                                    [ 91%]
tests/test_submission_cutoff.py .....                                    [ 92%]
tests/test_swing_features.py ............                                [ 92%]
tests/test_sync.py .........................                             [ 92%]
tests/test_tail_policy_artifact_contract.py ....                         [ 93%]
tests/test_tail_policy_r3_fixes.py ...................                   [ 93%]
tests/test_tail_policy_strategy.py .........................             [ 94%]
tests/test_tail_provenance.py ...                                        [ 94%]
tests/test_util.py ..........                                            [ 94%]
tests/test_warmup_lock_classification.py ........                        [ 94%]
tests/test_web_audit_progress.py ..........                              [ 94%]
tests/test_web_render.py ............................                    [ 95%]
tests/test_web_saver.py ............                                     [ 95%]
tests/test_web_skip_policy_shadow.py ...                                 [ 95%]
tests/test_web_streak_subtitle.py .....                                  [ 96%]
tests/watchdog/test_w0_r3_repair.py .................................... [ 96%]
....................................................................     [ 98%]
tests/watchdog/test_w0_skeleton.py ..................................... [ 99%]
......................                                                   [100%]

==== 4070 passed, 7 skipped, 6 deselected, 22 xfailed in 417.98s (0:06:57) =====
exit=0
