# run 2026-10-06T16:05:19Z on macOS 27.2 (27.2.0), Python 3.12.13, at 99a26c9
# command: .venv/bin/python -I docs/audit/2026-10-06-c2-w0-evidence/fork_probe.py
kill=True  none            rc=   0 out=[CHILD-STARTED | END] err=[]
kill=True  import_cli      rc=   0 out=[CHILD-STARTED | END] err=[]
kill=True  subprocess_run  rc=  -9 out=[CHILD-STARTED] err=[]
kill=True  os_fork         rc=  -9 out=[CHILD-STARTED] err=[]
kill=True  posix_spawn     rc=  -9 out=[CHILD-STARTED] err=[]
kill=True  os_system       rc=  -9 out=[CHILD-STARTED] err=[]
kill=True  mp_spawn        rc=  -9 out=[CHILD-STARTED] err=[]
kill=True  mp_fork         rc=  -9 out=[CHILD-STARTED] err=[]
kill=True  popen_shell     rc=  -9 out=[CHILD-STARTED] err=[]
kill=False none            rc=   0 out=[CHILD-STARTED | END] err=[]
kill=False import_cli      rc=   0 out=[CHILD-STARTED | END] err=[]
kill=False subprocess_run  rc=   0 out=[CHILD-STARTED | EPERM [Errno 1] Operation not permitted | END] err=[]
kill=False os_fork         rc=   0 out=[CHILD-STARTED | EPERM [Errno 1] Operation not permitted | END] err=[]
kill=False posix_spawn     rc=   0 out=[CHILD-STARTED | EPERM [Errno 1] Operation not permitted: '/Users/eric/projects/bts-c2-watchdog/.venv/bin/python' | END] err=[]
kill=False os_system       rc=   0 out=[CHILD-STARTED | PARENT-CONTINUES 32512 | END] err=[]
kill=False mp_spawn        rc=   0 out=[CHILD-STARTED | EPERM [Errno 1] Operation not permitted | END] err=[]
kill=False mp_fork         rc=   0 out=[CHILD-STARTED | EPERM [Errno 1] Operation not permitted | END] err=[]
kill=False popen_shell     rc=   0 out=[CHILD-STARTED | EPERM [Errno 1] Operation not permitted | END] err=[]
