# watchdog suite at f1b948a151c85b8e7550299149a840e87bb98723, Python 3.12.13, macOS 27.2, run outside any agent sandbox (the gate2/r34 tests need sandbox-exec); command: UV_CACHE_DIR=/tmp/uv-cache TZ=America/New_York uv run python -B -m pytest tests/watchdog -p no:cacheprovider -rA -q
PASSED tests/watchdog/test_w0_r3_repair.py::test_r31_a_same_named_success_in_the_same_job_never_recovers_a_broken_checker
PASSED tests/watchdog/test_w0_r3_repair.py::test_r31_a_same_named_success_in_another_job_never_recovers_a_broken_checker
PASSED tests/watchdog/test_w0_r3_repair.py::test_r31_genuine_success_recovers_and_a_later_failure_recurs
PASSED tests/watchdog/test_w0_r3_repair.py::test_r31_a_business_result_using_the_checker_namespace_is_a_checker_failure
PASSED tests/watchdog/test_w0_r3_repair.py::test_r31_a_business_all_clear_never_closes_a_checker_target
PASSED tests/watchdog/test_w0_r3_repair.py::test_a_result_the_notification_state_cannot_hold_is_a_checker_failure_and_silences_nothing[field0]
PASSED tests/watchdog/test_w0_r3_repair.py::test_a_result_the_notification_state_cannot_hold_is_a_checker_failure_and_silences_nothing[field1]
PASSED tests/watchdog/test_w0_r3_repair.py::test_a_result_the_notification_state_cannot_hold_is_a_checker_failure_and_silences_nothing[field2]
PASSED tests/watchdog/test_w0_r3_repair.py::test_a_result_the_notification_state_cannot_hold_is_a_checker_failure_and_silences_nothing[field3]
PASSED tests/watchdog/test_w0_r3_repair.py::test_r31_an_invalid_registration_refuses_before_any_check_runs[bad0]
PASSED tests/watchdog/test_w0_r3_repair.py::test_r31_an_invalid_registration_refuses_before_any_check_runs[bad1]
PASSED tests/watchdog/test_w0_r3_repair.py::test_r31_an_invalid_registration_refuses_before_any_check_runs[bad2]
PASSED tests/watchdog/test_w0_r3_repair.py::test_r31_an_invalid_registration_refuses_before_any_check_runs[bad3]
PASSED tests/watchdog/test_w0_r3_repair.py::test_r31_an_invalid_registration_refuses_before_any_check_runs[bad4]
PASSED tests/watchdog/test_w0_r3_repair.py::test_r31_an_invalid_registration_refuses_before_any_check_runs[bad5]
PASSED tests/watchdog/test_w0_r3_repair.py::test_r31_an_invalid_registration_refuses_before_any_check_runs[bad6]
PASSED tests/watchdog/test_w0_r3_repair.py::test_r31_an_invalid_registration_refuses_before_any_check_runs[bad7]
PASSED tests/watchdog/test_w0_r3_repair.py::test_r31_a_job_with_no_checks_refuses
PASSED tests/watchdog/test_w0_r3_repair.py::test_r31_an_invalid_job_name_refuses[Bad]
PASSED tests/watchdog/test_w0_r3_repair.py::test_r31_an_invalid_job_name_refuses[]
PASSED tests/watchdog/test_w0_r3_repair.py::test_r31_an_invalid_job_name_refuses[a/b]
PASSED tests/watchdog/test_w0_r3_repair.py::test_r31_an_invalid_job_name_refuses[-x]
PASSED tests/watchdog/test_w0_r3_repair.py::test_r31_register_validates_and_refuses_a_second_registration
PASSED tests/watchdog/test_w0_r3_repair.py::test_r32_a_recovery_never_overtakes_a_failed_fault_send
PASSED tests/watchdog/test_w0_r3_repair.py::test_r32_a_recovery_never_overtakes_a_live_claimed_fault
PASSED tests/watchdog/test_w0_r3_repair.py::test_r32_an_uncertain_fault_send_holds_its_recovery
PASSED tests/watchdog/test_w0_r3_repair.py::test_r32_a_blocked_target_does_not_block_other_targets
PASSED tests/watchdog/test_w0_r3_repair.py::test_r32_an_exhausted_budget_mid_chain_releases_the_rest_unattempted
PASSED tests/watchdog/test_w0_r3_repair.py::test_r33_every_generated_lifecycle_state_is_accepted[one_fault]
PASSED tests/watchdog/test_w0_r3_repair.py::test_r33_every_generated_lifecycle_state_is_accepted[recovered]
PASSED tests/watchdog/test_w0_r3_repair.py::test_r33_every_generated_lifecycle_state_is_accepted[two_episodes]
PASSED tests/watchdog/test_w0_r3_repair.py::test_r33_an_impossible_lifecycle_state_refuses_untouched_and_unsent[enqueue-closed_without_recovery]
PASSED tests/watchdog/test_w0_r3_repair.py::test_r33_an_impossible_lifecycle_state_refuses_untouched_and_unsent[enqueue-deleted_notice_seq_decremented]
PASSED tests/watchdog/test_w0_r3_repair.py::test_r33_an_impossible_lifecycle_state_refuses_untouched_and_unsent[enqueue-deleted_notice_seq_kept]
PASSED tests/watchdog/test_w0_r3_repair.py::test_r33_an_impossible_lifecycle_state_refuses_untouched_and_unsent[enqueue-episode_gap]
PASSED tests/watchdog/test_w0_r3_repair.py::test_r33_an_impossible_lifecycle_state_refuses_untouched_and_unsent[enqueue-episode_opens_with_recovery]
PASSED tests/watchdog/test_w0_r3_repair.py::test_r33_an_impossible_lifecycle_state_refuses_untouched_and_unsent[enqueue-episodes_out_of_order]
PASSED tests/watchdog/test_w0_r3_repair.py::test_r33_an_impossible_lifecycle_state_refuses_untouched_and_unsent[enqueue-missing_earlier_recovery]
PASSED tests/watchdog/test_w0_r3_repair.py::test_r33_an_impossible_lifecycle_state_refuses_untouched_and_unsent[enqueue-open_without_current_state_notice]
PASSED tests/watchdog/test_w0_r3_repair.py::test_r33_an_impossible_lifecycle_state_refuses_untouched_and_unsent[enqueue-recovery_not_last]
PASSED tests/watchdog/test_w0_r3_repair.py::test_r33_an_impossible_lifecycle_state_refuses_untouched_and_unsent[enqueue-reopened_without_new_episode]
PASSED tests/watchdog/test_w0_r3_repair.py::test_r33_an_impossible_lifecycle_state_refuses_untouched_and_unsent[enqueue-sending_behind_pending]
PASSED tests/watchdog/test_w0_r3_repair.py::test_r33_an_impossible_lifecycle_state_refuses_untouched_and_unsent[enqueue-seq_hole]
PASSED tests/watchdog/test_w0_r3_repair.py::test_r33_an_impossible_lifecycle_state_refuses_untouched_and_unsent[flush-closed_without_recovery]
PASSED tests/watchdog/test_w0_r3_repair.py::test_r33_an_impossible_lifecycle_state_refuses_untouched_and_unsent[flush-deleted_notice_seq_decremented]
PASSED tests/watchdog/test_w0_r3_repair.py::test_r33_an_impossible_lifecycle_state_refuses_untouched_and_unsent[flush-deleted_notice_seq_kept]
PASSED tests/watchdog/test_w0_r3_repair.py::test_r33_an_impossible_lifecycle_state_refuses_untouched_and_unsent[flush-episode_gap]
PASSED tests/watchdog/test_w0_r3_repair.py::test_r33_an_impossible_lifecycle_state_refuses_untouched_and_unsent[flush-episode_opens_with_recovery]
PASSED tests/watchdog/test_w0_r3_repair.py::test_r33_an_impossible_lifecycle_state_refuses_untouched_and_unsent[flush-episodes_out_of_order]
PASSED tests/watchdog/test_w0_r3_repair.py::test_r33_an_impossible_lifecycle_state_refuses_untouched_and_unsent[flush-missing_earlier_recovery]
PASSED tests/watchdog/test_w0_r3_repair.py::test_r33_an_impossible_lifecycle_state_refuses_untouched_and_unsent[flush-open_without_current_state_notice]
PASSED tests/watchdog/test_w0_r3_repair.py::test_r33_an_impossible_lifecycle_state_refuses_untouched_and_unsent[flush-recovery_not_last]
PASSED tests/watchdog/test_w0_r3_repair.py::test_r33_an_impossible_lifecycle_state_refuses_untouched_and_unsent[flush-reopened_without_new_episode]
PASSED tests/watchdog/test_w0_r3_repair.py::test_r33_an_impossible_lifecycle_state_refuses_untouched_and_unsent[flush-sending_behind_pending]
PASSED tests/watchdog/test_w0_r3_repair.py::test_r33_an_impossible_lifecycle_state_refuses_untouched_and_unsent[flush-seq_hole]
PASSED tests/watchdog/test_w0_r3_repair.py::test_r33_the_deleted_notice_probe_through_run_job_reports_and_never_silences
PASSED tests/watchdog/test_w0_r3_repair.py::test_r34_a_parent_continues_descendant_mutant_fails_the_gate[self_kill]
PASSED tests/watchdog/test_w0_r3_repair.py::test_r34_a_parent_continues_descendant_mutant_fails_the_gate[outside_write]
PASSED tests/watchdog/test_w0_r3_repair.py::test_r34_the_kill_profile_kills_after_start_on_any_process_creation
PASSED tests/watchdog/test_w0_r3_repair.py::test_r34_the_fork_refusal_itself_is_witnessed_under_eperm
PASSED tests/watchdog/test_w0_r3_repair.py::test_r32_a_reclaim_under_max_sends_takes_the_whole_chain_and_stays_valid
PASSED tests/watchdog/test_w0_r3_repair.py::test_r32_max_sends_bounds_the_sends_of_a_long_chain
PASSED tests/watchdog/test_w0_r3_repair.py::test_b1_a_blocked_long_chain_never_starves_an_independent_alert[10-20]
PASSED tests/watchdog/test_w0_r3_repair.py::test_b1_a_blocked_long_chain_never_starves_an_independent_alert[1-2]
PASSED tests/watchdog/test_w0_r3_repair.py::test_b1_a_fresh_alert_is_tried_before_a_repeatedly_failing_one
PASSED tests/watchdog/test_w0_r3_repair.py::test_b2_impossible_delivery_metadata_refuses_untouched_and_unsent[enqueue-attempts_without_time]
PASSED tests/watchdog/test_w0_r3_repair.py::test_b2_impossible_delivery_metadata_refuses_untouched_and_unsent[enqueue-pending_with_recipient]
PASSED tests/watchdog/test_w0_r3_repair.py::test_b2_impossible_delivery_metadata_refuses_untouched_and_unsent[enqueue-sent_with_error]
PASSED tests/watchdog/test_w0_r3_repair.py::test_b2_impossible_delivery_metadata_refuses_untouched_and_unsent[enqueue-sent_without_attempt]
PASSED tests/watchdog/test_w0_r3_repair.py::test_b2_impossible_delivery_metadata_refuses_untouched_and_unsent[enqueue-sent_without_attempt_time]
PASSED tests/watchdog/test_w0_r3_repair.py::test_b2_impossible_delivery_metadata_refuses_untouched_and_unsent[enqueue-sent_without_recipient]
PASSED tests/watchdog/test_w0_r3_repair.py::test_b2_impossible_delivery_metadata_refuses_untouched_and_unsent[enqueue-time_without_attempts]
PASSED tests/watchdog/test_w0_r3_repair.py::test_b2_impossible_delivery_metadata_refuses_untouched_and_unsent[flush-attempts_without_time]
PASSED tests/watchdog/test_w0_r3_repair.py::test_b2_impossible_delivery_metadata_refuses_untouched_and_unsent[flush-pending_with_recipient]
PASSED tests/watchdog/test_w0_r3_repair.py::test_b2_impossible_delivery_metadata_refuses_untouched_and_unsent[flush-sent_with_error]
PASSED tests/watchdog/test_w0_r3_repair.py::test_b2_impossible_delivery_metadata_refuses_untouched_and_unsent[flush-sent_without_attempt]
PASSED tests/watchdog/test_w0_r3_repair.py::test_b2_impossible_delivery_metadata_refuses_untouched_and_unsent[flush-sent_without_attempt_time]
PASSED tests/watchdog/test_w0_r3_repair.py::test_b2_impossible_delivery_metadata_refuses_untouched_and_unsent[flush-sent_without_recipient]
PASSED tests/watchdog/test_w0_r3_repair.py::test_b2_impossible_delivery_metadata_refuses_untouched_and_unsent[flush-time_without_attempts]
PASSED tests/watchdog/test_w0_r3_repair.py::test_b3_a_split_claim_refuses_before_any_send[enqueue]
PASSED tests/watchdog/test_w0_r3_repair.py::test_b3_a_split_claim_refuses_before_any_send[flush]
PASSED tests/watchdog/test_w0_r3_repair.py::test_b3_a_legitimate_stale_chain_with_a_later_alert_reclaims_whole_and_stays_valid
PASSED tests/watchdog/test_w0_r3_repair.py::test_b3_a_chain_claimed_in_the_future_is_reclaimed_after_a_clock_rollback
PASSED tests/watchdog/test_w0_r3_repair.py::test_b4_a_late_success_never_overwrites_a_newer_confirmation
PASSED tests/watchdog/test_w0_r3_repair.py::test_b2_unsent_message_id_refuses_untouched_and_unsent[enqueue-pending-]
PASSED tests/watchdog/test_w0_r3_repair.py::test_b2_unsent_message_id_refuses_untouched_and_unsent[enqueue-pending-False]
PASSED tests/watchdog/test_w0_r3_repair.py::test_b2_unsent_message_id_refuses_untouched_and_unsent[enqueue-pending-7]
PASSED tests/watchdog/test_w0_r3_repair.py::test_b2_unsent_message_id_refuses_untouched_and_unsent[enqueue-pending-message_id3]
PASSED tests/watchdog/test_w0_r3_repair.py::test_b2_unsent_message_id_refuses_untouched_and_unsent[enqueue-sending-]
PASSED tests/watchdog/test_w0_r3_repair.py::test_b2_unsent_message_id_refuses_untouched_and_unsent[enqueue-sending-False]
PASSED tests/watchdog/test_w0_r3_repair.py::test_b2_unsent_message_id_refuses_untouched_and_unsent[enqueue-sending-7]
PASSED tests/watchdog/test_w0_r3_repair.py::test_b2_unsent_message_id_refuses_untouched_and_unsent[enqueue-sending-message_id3]
PASSED tests/watchdog/test_w0_r3_repair.py::test_b2_unsent_message_id_refuses_untouched_and_unsent[flush-pending-]
PASSED tests/watchdog/test_w0_r3_repair.py::test_b2_unsent_message_id_refuses_untouched_and_unsent[flush-pending-False]
PASSED tests/watchdog/test_w0_r3_repair.py::test_b2_unsent_message_id_refuses_untouched_and_unsent[flush-pending-7]
PASSED tests/watchdog/test_w0_r3_repair.py::test_b2_unsent_message_id_refuses_untouched_and_unsent[flush-pending-message_id3]
PASSED tests/watchdog/test_w0_r3_repair.py::test_b2_unsent_message_id_refuses_untouched_and_unsent[flush-sending-]
PASSED tests/watchdog/test_w0_r3_repair.py::test_b2_unsent_message_id_refuses_untouched_and_unsent[flush-sending-False]
PASSED tests/watchdog/test_w0_r3_repair.py::test_b2_unsent_message_id_refuses_untouched_and_unsent[flush-sending-7]
PASSED tests/watchdog/test_w0_r3_repair.py::test_b2_unsent_message_id_refuses_untouched_and_unsent[flush-sending-message_id3]
PASSED tests/watchdog/test_w0_r3_repair.py::test_b3_each_claim_component_is_required_before_action[enqueue-claimed_at]
PASSED tests/watchdog/test_w0_r3_repair.py::test_b3_each_claim_component_is_required_before_action[enqueue-lease_until]
PASSED tests/watchdog/test_w0_r3_repair.py::test_b3_each_claim_component_is_required_before_action[flush-claimed_at]
PASSED tests/watchdog/test_w0_r3_repair.py::test_b3_each_claim_component_is_required_before_action[flush-lease_until]
PASSED tests/watchdog/test_w0_skeleton.py::test_names_are_plain_components
PASSED tests/watchdog/test_w0_skeleton.py::test_a_symlinked_root_is_refused
PASSED tests/watchdog/test_w0_skeleton.py::test_a_symlinked_component_or_leaf_is_refused_before_any_write
PASSED tests/watchdog/test_w0_skeleton.py::test_a_directory_swapped_to_a_symlink_after_admission_cannot_redirect_a_write
PASSED tests/watchdog/test_w0_skeleton.py::test_ensure_dir_swap_before_mkdir_cannot_create_outside
PASSED tests/watchdog/test_w0_skeleton.py::test_a_root_replaced_after_construction_cannot_redirect
PASSED tests/watchdog/test_w0_skeleton.py::test_concurrent_atomic_writes_never_touch_each_others_files
PASSED tests/watchdog/test_w0_skeleton.py::test_every_check_runs_and_an_exception_is_a_checker_failure
PASSED tests/watchdog/test_w0_skeleton.py::test_isolation_survives_hostile_checks_and_outputs
PASSED tests/watchdog/test_w0_skeleton.py::test_a_check_returning_nothing_is_a_checker_failure_not_silence
PASSED tests/watchdog/test_w0_skeleton.py::test_a_job_is_a_singleton
PASSED tests/watchdog/test_w0_skeleton.py::test_a_results_write_failure_is_reported_and_notification_still_runs
PASSED tests/watchdog/test_w0_skeleton.py::test_a_corrupt_notification_state_is_reported_with_results_kept
PASSED tests/watchdog/test_w0_skeleton.py::test_a_fault_is_sent_once_per_episode_across_restarts
PASSED tests/watchdog/test_w0_skeleton.py::test_fault_recovery_and_recurrence_through_the_real_path
PASSED tests/watchdog/test_w0_skeleton.py::test_an_escalation_within_an_episode_is_notified_once
PASSED tests/watchdog/test_w0_skeleton.py::test_distinct_incidents_dates_and_selections_are_separate_targets
PASSED tests/watchdog/test_w0_skeleton.py::test_pending_and_unverifiable_change_no_episode
PASSED tests/watchdog/test_w0_skeleton.py::test_failed_and_uncertain_sends_stay_pending_and_retry
PASSED tests/watchdog/test_w0_skeleton.py::test_queue_only_mode_keeps_the_alert_for_a_later_send
PASSED tests/watchdog/test_w0_skeleton.py::test_the_state_lock_is_free_while_a_send_is_in_flight
PASSED tests/watchdog/test_w0_skeleton.py::test_a_stale_sender_never_overwrites_a_newer_confirmation
PASSED tests/watchdog/test_w0_skeleton.py::test_leases_use_utc_elapsed_time_across_the_fall_back[2026-11-01T01:55:00-04:00-False]
PASSED tests/watchdog/test_w0_skeleton.py::test_leases_use_utc_elapsed_time_across_the_fall_back[2026-11-01T01:04:59-05:00-False]
PASSED tests/watchdog/test_w0_skeleton.py::test_leases_use_utc_elapsed_time_across_the_fall_back[2026-11-01T01:05:00-05:00-True]
PASSED tests/watchdog/test_w0_skeleton.py::test_leases_use_utc_elapsed_time_across_the_fall_back[2026-11-01T01:00:00-04:00-True]
PASSED tests/watchdog/test_w0_skeleton.py::test_a_claim_lease_is_computed_in_utc
PASSED tests/watchdog/test_w0_skeleton.py::test_a_send_accepted_before_a_crash_is_retried_after_the_lease
PASSED tests/watchdog/test_w0_skeleton.py::test_invalid_notification_state_raises_and_is_preserved[{not json]
PASSED tests/watchdog/test_w0_skeleton.py::test_invalid_notification_state_raises_and_is_preserved[[]]
PASSED tests/watchdog/test_w0_skeleton.py::test_invalid_notification_state_raises_and_is_preserved[{"bad": {}}]
PASSED tests/watchdog/test_w0_skeleton.py::test_invalid_notification_state_raises_and_is_preserved[{"version": 1, "targets": {}, "notices": {"k": {"status": "weird"}}}]
PASSED tests/watchdog/test_w0_skeleton.py::test_invalid_notification_state_raises_and_is_preserved[{"version": 1, "targets": {}, "notices": {"k": {"status": "pending", "text": "x", "target": "missing", "attempts": 0}}}]
PASSED tests/watchdog/test_w0_skeleton.py::test_the_flush_is_bounded_by_elapsed_monotonic_time_even_if_the_wall_clock_rolls_back
PASSED tests/watchdog/test_w0_skeleton.py::test_the_cli_sends_through_the_dm_transport_and_fails_loudly
PASSED tests/watchdog/test_w0_skeleton.py::test_the_cli_refuses_unknown_jobs_and_a_missing_recipient_and_queues_in_no_send
PASSED tests/watchdog/test_w0_skeleton.py::test_gate2_the_real_cli_writes_only_beneath_its_root
PASSED tests/watchdog/test_w0_skeleton.py::test_gate2_fails_on_an_outside_write_even_when_the_code_swallows_the_refusal
PASSED tests/watchdog/test_w0_skeleton.py::test_gate2_red_controls_are_refused_by_the_kernel[dir_fd_relative]
PASSED tests/watchdog/test_w0_skeleton.py::test_gate2_red_controls_are_refused_by_the_kernel[leaf_symlink]
PASSED tests/watchdog/test_w0_skeleton.py::test_gate2_red_controls_are_refused_by_the_kernel[same_byte]
PASSED tests/watchdog/test_w0_skeleton.py::test_gate2_red_controls_are_refused_by_the_kernel[subprocess]
PASSED tests/watchdog/test_w0_skeleton.py::test_gate2_red_controls_are_refused_by_the_kernel[thread]
PASSED tests/watchdog/test_w0_skeleton.py::test_gate2_red_controls_are_refused_by_the_kernel[write_undo]
PASSED tests/watchdog/test_w0_skeleton.py::test_gate2_kill_profile_kills_after_start_on_an_outside_write
PASSED tests/watchdog/test_w0_skeleton.py::test_n1_checker_failure_recovery_and_recurrence_through_run_job
PASSED tests/watchdog/test_w0_skeleton.py::test_n2_an_unrelated_all_clear_in_the_same_batch_does_not_recover_a_live_fault
PASSED tests/watchdog/test_w0_skeleton.py::test_n2_an_all_clear_in_the_same_batch_as_a_fault_recovers_nothing
PASSED tests/watchdog/test_w0_skeleton.py::test_n2_incident_specific_recovery_and_its_identity
PASSED tests/watchdog/test_w0_skeleton.py::test_n2_a_queue_only_backlog_is_sent_in_causal_order
PASSED tests/watchdog/test_w0_skeleton.py::test_n3_semantic_corruption_is_refused_and_preserved[notice_state]
PASSED tests/watchdog/test_w0_skeleton.py::test_n3_semantic_corruption_is_refused_and_preserved[notice_episode]
PASSED tests/watchdog/test_w0_skeleton.py::test_n3_semantic_corruption_is_refused_and_preserved[notice_episode_rekeyed]
PASSED tests/watchdog/test_w0_skeleton.py::test_n3_semantic_corruption_is_refused_and_preserved[target_contradiction]
PASSED tests/watchdog/test_w0_skeleton.py::test_n3_semantic_corruption_is_refused_and_preserved[missing_queued_at]
PASSED tests/watchdog/test_w0_skeleton.py::test_n3_semantic_corruption_is_refused_and_preserved[targets_list]
PASSED tests/watchdog/test_w0_skeleton.py::test_n3_semantic_corruption_is_refused_and_preserved[bool_attempts]
PASSED tests/watchdog/test_w0_skeleton.py::test_n3_semantic_corruption_is_refused_and_preserved[bad_key]
PASSED tests/watchdog/test_w0_skeleton.py::test_n3_semantic_corruption_is_refused_and_preserved[claim_outside_sending]
============================= 163 passed in 2.42s ==============================
