Using CPython 3.12.13
Creating virtual environment at: .venv
Resolved 66 packages in 3ms
   Building bts @ file:///Users/eric/projects/bts-w15-evidence/runs/out-replay/wt-R-I029-1
      Built bts @ file:///Users/eric/projects/bts-w15-evidence/runs/out-replay/wt-R-I029-1
Prepared 1 package in 263ms
Installed 64 packages in 238ms
 + annotated-types==0.7.0
 + anyio==4.13.0
 + atproto==0.0.65
 + boto3==1.42.84
 + botocore==1.42.84
 + bts==0.1.0 (from file:///Users/eric/projects/bts-w15-evidence/runs/out-replay/wt-R-I029-1)
 + catboost==1.2.10
 + certifi==2026.2.25
 + cffi==2.0.0
 + charset-normalizer==3.4.7
 + click==8.3.1
 + contourpy==1.3.3
 + cryptography==46.0.6
 + cycler==0.12.1
 + dnspython==2.8.0
 + fonttools==4.62.1
 + graphviz==0.21
 + h11==0.16.0
 + httpcore==1.0.9
 + httpx==0.28.1
 + idna==3.11
 + iniconfig==2.3.0
 + jinja2==3.1.6
 + jmespath==1.1.0
 + joblib==1.5.3
 + kiwisolver==1.5.0
 + libipld==3.3.2
 + lightgbm==4.6.0
 + markdown-it-py==4.0.0
 + markupsafe==3.0.3
 + matplotlib==3.10.8
 + mdurl==0.1.2
 + moto==5.1.22
 + narwhals==2.19.0
 + numpy==2.4.3
 + packaging==26.0
 + pandas==3.0.1
 + pillow==12.2.0
 + plotly==6.7.0
 + pluggy==1.6.0
 + py-partiql-parser==0.6.3
 + pyarrow==23.0.1
 + pycparser==3.0
 + pydantic==2.12.5
 + pydantic-core==2.41.5
 + pygments==2.19.2
 + pyparsing==3.3.2
 + pytest==9.0.2
 + python-dateutil==2.9.0.post0
 + pyyaml==6.0.3
 + requests==2.33.1
 + responses==0.26.0
 + rich==14.3.3
 + s3transfer==0.16.0
 + scikit-learn==1.8.0
 + scipy==1.17.1
 + six==1.17.0
 + threadpoolctl==3.6.0
 + typing-extensions==4.15.0
 + typing-inspection==0.4.2
 + urllib3==2.6.3
 + websockets==15.0.1
 + werkzeug==3.1.8
 + xmltodict==1.0.4
