# phases at candidate acfe983af2bc8f5db16a07fa32fb8c5ee3fe5bc2 vs baseline f882411, start 2026-10-07 16:40 EDT
load 0 baseline 2029
load 0 candidate 2336
load 0 control_a 2588
load 0 control_b 2589
load 1 candidate 2616
load 1 baseline 2588
load 1 control_a 2404
load 1 control_b 2587
load 2 baseline 2587
load 2 candidate 2405
load 2 control_a 2511
load 2 control_b 2589
load 3 candidate 2619
load 3 baseline 2372
load 3 control_a 2011
load 3 control_b 2527
load 4 baseline 2588
load 4 candidate 2618
load 4 control_a 2590
load 4 control_b 2590
cache 0 baseline 193
cache 0 candidate 201
cache 0 control_a 191
cache 0 control_b 193
cache 1 candidate 201
cache 1 baseline 192
cache 1 control_a 193
cache 1 control_b 190
cache 2 baseline 192
cache 2 candidate 200
cache 2 control_a 191
cache 2 control_b 191
cache 3 candidate 200
cache 3 baseline 193
cache 3 control_a 192
cache 3 control_b 193
cache 4 baseline 192
cache 4 candidate 200
cache 4 control_a 191
cache 4 control_b 192
save 0 baseline 204
save 0 candidate 204
save 0 control_a 206
save 0 control_b 206
save 1 candidate 204
save 1 baseline 206
save 1 control_a 205
save 1 control_b 207
save 2 baseline 204
save 2 candidate 204
save 2 control_a 204
save 2 control_b 207
save 3 candidate 204
save 3 baseline 204
save 3 control_a 206
save 3 control_b 206
save 4 baseline 205
save 4 candidate 206
save 4 control_a 205
save 4 control_b 209
tail_off 0 baseline 185
tail_off 0 candidate 186
tail_off 0 control_a 185
tail_off 0 control_b 185
tail_off 1 candidate 186
tail_off 1 baseline 185
tail_off 1 control_a 185
tail_off 1 control_b 186
tail_off 2 baseline 185
tail_off 2 candidate 186
tail_off 2 control_a 186
tail_off 2 control_b 184
tail_off 3 candidate 186
tail_off 3 baseline 185
tail_off 3 control_a 186
tail_off 3 control_b 184
tail_off 4 baseline 185
tail_off 4 candidate 186
tail_off 4 control_a 184
tail_off 4 control_b 186
tail_on 0 baseline 461
tail_on 0 candidate 477
tail_on 0 control_a 461
tail_on 0 control_b 460
tail_on 1 candidate 473
tail_on 1 baseline 458
tail_on 1 control_a 458
tail_on 1 control_b 458
tail_on 2 baseline 459
tail_on 2 candidate 471
tail_on 2 control_a 458
tail_on 2 control_b 460
tail_on 3 candidate 471
tail_on 3 baseline 461
tail_on 3 control_a 462
tail_on 3 control_b 458
tail_on 4 baseline 462
tail_on 4 candidate 472
tail_on 4 control_a 461
tail_on 4 control_b 460
slate 0 baseline 187
slate 0 candidate 188
slate 0 control_a 187
slate 0 control_b 187
slate 1 candidate 188
slate 1 baseline 187
slate 1 control_a 187
slate 1 control_b 187
slate 2 baseline 185
slate 2 candidate 186
slate 2 control_a 185
slate 2 control_b 187
slate 3 candidate 188
slate 3 baseline 187
slate 3 control_a 187
slate 3 control_b 185
slate 4 baseline 187
slate 4 candidate 187
slate 4 control_a 186
slate 4 control_b 187
exit 0 end 16:43 EDT
