seed_1277948386 baseline differences: 2
    .p_57_exact stored 1.4212251585858898e-10 | mac 1.4212251585858903e-10 | rel 3.64e-16
    .p_57_mdp stored 2.342305861761405e-05 | mac 2.3423058617614054e-05 | rel 1.45e-16
seed_1277948386 A differences: 1
    .p_57_exact stored 2.0805306364928106e-11 | mac 2.0805306364928103e-11 | rel 1.55e-16
seed_1277948386 B differences: 2
    .p_57_exact stored 1.2064297543628494e-09 | mac 1.2064297543628498e-09 | rel 3.43e-16
    .p_57_mdp stored 4.051858039919273e-05 | mac 4.0518580399192744e-05 | rel 3.34e-16
seed_2048 baseline differences: 2
    .p_57_exact stored 5.487033624969587e-11 | mac 5.4870336249695874e-11 | rel 1.18e-16
    .p_57_mdp stored 2.080235350002923e-05 | mac 2.0802353500029218e-05 | rel 6.51e-16
seed_2048 A differences: 2
    .p_57_exact stored 5.487033624969587e-11 | mac 5.4870336249695874e-11 | rel 1.18e-16
    .p_57_mdp stored 3.3978529727590554e-05 | mac 3.397852972759056e-05 | rel 1.99e-16
seed_2048 B differences: 2
    .p_57_exact stored 2.0805306364928106e-11 | mac 2.0805306364928103e-11 | rel 1.55e-16
    .p_57_mdp stored 8.80486008502469e-05 | mac 8.804860085024691e-05 | rel 1.54e-16
seed_2207587974 baseline differences: 1
    .p_57_exact stored 1.4212251585858898e-10 | mac 1.4212251585858903e-10 | rel 3.64e-16
seed_2207587974 A differences: 2
    .p_57_exact stored 5.487033624969587e-11 | mac 5.4870336249695874e-11 | rel 1.18e-16
    .p_57_mdp stored 4.472554343040375e-05 | mac 4.472554343040376e-05 | rel 3.03e-16
seed_2207587974 B differences: 2
    .p_57_exact stored 5.487033624969587e-11 | mac 5.4870336249695874e-11 | rel 1.18e-16
    .p_57_mdp stored 1.3276212759274001e-05 | mac 1.3276212759274008e-05 | rel 5.10e-16
seed_2675988121 baseline differences: 1
    .p_57_mdp stored 2.3985706086670826e-05 | mac 2.3985706086670816e-05 | rel 4.24e-16
seed_2675988121 A differences: 1
    .p_57_exact stored 1.4212251585858898e-10 | mac 1.4212251585858903e-10 | rel 3.64e-16
seed_2675988121 B differences: 1
    .p_57_exact stored 1.4212251585858898e-10 | mac 1.4212251585858903e-10 | rel 3.64e-16
seed_3170105529 baseline differences: 2
    .p_57_exact stored 6.308436610702749e-09 | mac 6.3084366107027505e-09 | rel 2.62e-16
    .p_57_mdp stored 2.4931463545935898e-05 | mac 2.4931463545935905e-05 | rel 2.72e-16
seed_3170105529 A differences: 1
    .p_57_exact stored 3.264235041086689e-09 | mac 3.264235041086688e-09 | rel 2.53e-16
seed_3170105529 B differences: 2
    .p_57_exact stored 3.264235041086689e-09 | mac 3.264235041086688e-09 | rel 2.53e-16
    .p_57_mdp stored 1.6214240156666327e-05 | mac 1.6214240156666307e-05 | rel 1.25e-15
seed_3219332220 baseline differences: 2
    .p_57_exact stored 2.0805306364928106e-11 | mac 2.0805306364928103e-11 | rel 1.55e-16
    .p_57_mdp stored 4.818602370535412e-05 | mac 4.818602370535411e-05 | rel 2.81e-16
seed_3219332220 A differences: 2
    .p_57_exact stored 2.0805306364928106e-11 | mac 2.0805306364928103e-11 | rel 1.55e-16
    .p_57_mdp stored 8.51568962933847e-05 | mac 8.515689629338472e-05 | rel 3.18e-16
seed_3219332220 B differences: 2
    .p_57_exact stored 2.0805306364928106e-11 | mac 2.0805306364928103e-11 | rel 1.55e-16
    .p_57_mdp stored 5.109781415612167e-05 | mac 5.1097814156121666e-05 | rel 1.33e-16
seed_3629294338 baseline differences: 2
    .p_57_exact stored 1.3377899640786374e-08 | mac 1.3377899640786369e-08 | rel 3.71e-16
    .p_57_mdp stored 5.250751085144891e-05 | mac 5.2507510851448956e-05 | rel 9.03e-16
seed_3629294338 A differences: 2
    .p_57_exact stored 2.7999056742401293e-08 | mac 2.7999056742401303e-08 | rel 3.55e-16
    .p_57_mdp stored 5.850278043984976e-05 | mac 5.850278043984974e-05 | rel 3.47e-16
seed_3629294338 B differences: 2
    .p_57_exact stored 5.487033624969587e-11 | mac 5.4870336249695874e-11 | rel 1.18e-16
    .p_57_mdp stored 2.0727921373069064e-05 | mac 2.0727921373069054e-05 | rel 4.90e-16
