## P@1 by seed (rank-1 hits / days from the retained profiles)

| # | Seed | Season | Baseline | A | A − baseline | B | B − baseline |
|---|---|---|---|---|---|---|---|
| 1 | 2273360 | 2024 | 78.9% (146/185) | 78.9% (146) | **+0.00pp** (+0) | 77.3% (143) | **-1.62pp** (-3) |
| 1 | 2273360 | 2025 | 67.4% (124/184) | 70.1% (129) | **+2.72pp** (+5) | 71.7% (132) | **+4.35pp** (+8) |
| 2 | 260991262 | 2024 | 74.6% (138/185) | 77.8% (144) | **+3.24pp** (+6) | 76.8% (142) | **+2.16pp** (+4) |
| 2 | 260991262 | 2025 | 66.8% (123/184) | 74.5% (137) | **+7.61pp** (+14) | 69.0% (127) | **+2.17pp** (+4) |
| 3 | 1746737973 | 2024 | 77.8% (144/185) | 76.8% (142) | **-1.08pp** (-2) | 76.2% (141) | **-1.62pp** (-3) |
| 3 | 1746737973 | 2025 | 67.9% (125/184) | 71.7% (132) | **+3.80pp** (+7) | 72.3% (133) | **+4.35pp** (+8) |
| 4 | 2048 | 2024 | 77.8% (144/185) | 76.8% (142) | **-1.08pp** (-2) | 76.8% (142) | **-1.08pp** (-2) |
| 4 | 2048 | 2025 | 69.0% (127/184) | 72.3% (133) | **+3.26pp** (+6) | 71.2% (131) | **+2.17pp** (+4) |
| 5 | 3629294338 | 2024 | 75.7% (140/185) | 76.8% (142) | **+1.08pp** (+2) | 74.6% (138) | **-1.08pp** (-2) |
| 5 | 3629294338 | 2025 | 68.5% (126/184) | 70.7% (130) | **+2.17pp** (+4) | 72.3% (133) | **+3.80pp** (+7) |
| 6 | 1277948386 | 2024 | 76.8% (142/185) | 78.4% (145) | **+1.62pp** (+3) | 77.3% (143) | **+0.54pp** (+1) |
| 6 | 1277948386 | 2025 | 67.4% (124/184) | 70.7% (130) | **+3.26pp** (+6) | 70.1% (129) | **+2.72pp** (+5) |
| 7 | 3219332220 | 2024 | 74.1% (137/185) | 76.8% (142) | **+2.70pp** (+5) | 76.8% (142) | **+2.70pp** (+5) |
| 7 | 3219332220 | 2025 | 67.9% (125/184) | 69.6% (128) | **+1.63pp** (+3) | 71.2% (131) | **+3.26pp** (+6) |
| 8 | 2207587974 | 2024 | 78.9% (146/185) | 76.2% (141) | **-2.70pp** (-5) | 77.3% (143) | **-1.62pp** (-3) |
| 8 | 2207587974 | 2025 | 68.5% (126/184) | 70.1% (129) | **+1.63pp** (+3) | 67.4% (124) | **-1.09pp** (-2) |
| 9 | 3170105529 | 2024 | 75.1% (139/185) | 78.9% (146) | **+3.78pp** (+7) | 76.8% (142) | **+1.62pp** (+3) |
| 9 | 3170105529 | 2025 | 70.1% (129/184) | 71.7% (132) | **+1.63pp** (+3) | 69.6% (128) | **-0.54pp** (-1) |
| 10 | 2675988121 | 2024 | 75.1% (139/185) | 77.8% (144) | **+2.70pp** (+5) | 77.8% (144) | **+2.70pp** (+5) |
| 10 | 2675988121 | 2025 | 67.9% (125/184) | 69.0% (127) | **+1.09pp** (+2) | 70.7% (130) | **+2.72pp** (+5) |

## §5 quantities (recomputed here) and the box aggregate

| | A | B |
|---|---|---|
| Mean 2024 delta | +1.03pp | +0.27pp |
| Mean 2025 delta | +2.88pp | +2.39pp |
| Seed-level d (seeds 1–10) | +1.36, +5.43, +1.36, +1.09, +1.63, +2.44, +2.17, -0.54, +2.71, +1.89pp | +1.36, +2.17, +1.36, +0.55, +1.36, +1.63, +2.98, -1.35, +0.54, +2.71pp |
| m (mean of d) | +1.95pp | +1.33pp |
| sd of d | 1.52pp | 1.24pp |
| t = m / (sd/√10) | 4.08 | 3.39 |
| Per-seed rule passed | 6 of 10 | 4 of 10 |
| **Disposition** | **positive** | **inconclusive** |

## Per-seed rule, seed by seed

- A seed 1 (2273360): fail — fallback fails (streak +0.42, exact P(57) delta 0.0); 2024 +0.00pp, 2025 +2.72pp
- A seed 2 (260991262): PASS — both seasons up; 2024 +3.24pp, 2025 +7.61pp
- A seed 3 (1746737973): fail — a season drops more than 0.3pp; 2024 -1.08pp, 2025 +3.80pp
- A seed 4 (2048): fail — a season drops more than 0.3pp; 2024 -1.08pp, 2025 +3.26pp
- A seed 5 (3629294338): PASS — both seasons up; 2024 +1.08pp, 2025 +2.17pp
- A seed 6 (1277948386): PASS — both seasons up; 2024 +1.62pp, 2025 +3.26pp
- A seed 7 (3219332220): PASS — both seasons up; 2024 +2.70pp, 2025 +1.63pp
- A seed 8 (2207587974): fail — a season drops more than 0.3pp; 2024 -2.70pp, 2025 +1.63pp
- A seed 9 (3170105529): PASS — both seasons up; 2024 +3.78pp, 2025 +1.63pp
- A seed 10 (2675988121): PASS — both seasons up; 2024 +2.70pp, 2025 +1.09pp
- B seed 1 (2273360): fail — a season drops more than 0.3pp; 2024 -1.62pp, 2025 +4.35pp
- B seed 2 (260991262): PASS — both seasons up; 2024 +2.16pp, 2025 +2.17pp
- B seed 3 (1746737973): fail — a season drops more than 0.3pp; 2024 -1.62pp, 2025 +4.35pp
- B seed 4 (2048): fail — a season drops more than 0.3pp; 2024 -1.08pp, 2025 +2.17pp
- B seed 5 (3629294338): fail — a season drops more than 0.3pp; 2024 -1.08pp, 2025 +3.80pp
- B seed 6 (1277948386): PASS — both seasons up; 2024 +0.54pp, 2025 +2.72pp
- B seed 7 (3219332220): PASS — both seasons up; 2024 +2.70pp, 2025 +3.26pp
- B seed 8 (2207587974): fail — a season drops more than 0.3pp; 2024 -1.62pp, 2025 -1.09pp
- B seed 9 (3170105529): fail — a season drops more than 0.3pp; 2024 +1.62pp, 2025 -0.54pp
- B seed 10 (2675988121): PASS — both seasons up; 2024 +2.70pp, 2025 +2.72pp

## Secondary metrics (from the retained diffs)

| # | Seed | A: mean_max_streak Δ | A: exact P(57) Δ | B: mean_max_streak Δ | B: exact P(57) Δ |
|---|---|---|---|---|---|
| 1 | 2273360 | +0.42 | 0 | +0.74 | 0 |
| 2 | 260991262 | -0.40 | -1.16e-08 | -1.58 | -1.16e-08 |
| 3 | 1746737973 | -3.55 | -5.29e-09 | -1.35 | -5.51e-09 |
| 4 | 2048 | -0.30 | 0 | -0.80 | -3.41e-11 |
| 5 | 3629294338 | -0.13 | 1.46e-08 | -1.43 | -1.33e-08 |
| 6 | 1277948386 | -1.90 | -1.21e-10 | -0.42 | 1.06e-09 |
| 7 | 3219332220 | -0.61 | 0 | -1.35 | 0 |
| 8 | 2207587974 | -1.29 | -8.73e-11 | -1.27 | -8.73e-11 |
| 9 | 3170105529 | +2.95 | -3.04e-09 | +2.06 | -3.04e-09 |
| 10 | 2675988121 | -1.53 | -7.63e-10 | -0.80 | -7.63e-10 |

## Cost (results.json total_cpu_s and units.json)

- seed 1 (2273360): total_cpu_s 65611.3 = 18.2254 h; units sum 65518.9; label changes + void rows 0
- seed 2 (260991262): total_cpu_s 48006.5 = 13.3352 h; units sum 47914.4; label changes + void rows 0
- seed 3 (1746737973): total_cpu_s 47565.3 = 13.2126 h; units sum 47473.6; label changes + void rows 0
- seed 4 (2048): total_cpu_s 47284.4 = 13.1346 h; units sum 47191.8; label changes + void rows 0
- seed 5 (3629294338): total_cpu_s 47346.7 = 13.1519 h; units sum 47254.1; label changes + void rows 0
- seed 6 (1277948386): total_cpu_s 47044.4 = 13.0679 h; units sum 46952.9; label changes + void rows 0
- seed 7 (3219332220): total_cpu_s 47627.3 = 13.2298 h; units sum 47536.2; label changes + void rows 0
- seed 8 (2207587974): total_cpu_s 48230.1 = 13.3972 h; units sum 48137.2; label changes + void rows 0
- seed 9 (3170105529): total_cpu_s 47508.9 = 13.1969 h; units sum 47417.8; label changes + void rows 0
- seed 10 (2675988121): total_cpu_s 47334.4 = 13.1484 h; units sum 47242.7; label changes + void rows 0
- ten seeds: 493559.4 s = 137.0998 h (box aggregate total_cpu_h 137.0998)

## Cross-checks

53 of 53 cross-checks pass
